[Dutz] Jonrem police capture diagnostics
Officer: Jonrem Police 1 pos=(-236.80, 5.50, -19.10) scale=2.00
  trigger local=(0.50, 0.50, 0.60) world=(1.00, 1.00, 1.20) center=(0.00, 0.50, 0.32) reach=0.050
Officer: Jonrem Police 2 pos=(-225.70, 5.33, -14.20) scale=2.00
  trigger local=(0.50, 0.50, 0.60) world=(1.00, 1.00, 1.20) center=(0.00, 0.50, 0.32) reach=0.050
Officer: Jonrem Police 3 pos=(-231.40, 5.17, -9.10) scale=2.00
  trigger local=(0.50, 0.50, 0.60) world=(1.00, 1.00, 1.20) center=(0.00, 0.50, 0.32) reach=0.050
Player bounds center=(-1040.30, 8.59, -8.80) size=(1.68, 4.10, 1.68)
  sample Jonrem Police 1 lateralX=0.0 gap=0.000 capture=True
  sample Jonrem Police 1 lateralX=0.0 gap=0.000 capture=True
  sample Jonrem Police 1 lateralX=-1.0 gap=0.000 capture=False
  sample Jonrem Police 1 lateralX=1.0 gap=0.000 capture=False
  sample Jonrem Police 1 lateralX=-2.0 gap=0.000 capture=False
  sample Jonrem Police 1 lateralX=2.0 gap=0.360 capture=False
  sample Jonrem Police 1 lateralX=-3.0 gap=0.079 capture=False
  sample Jonrem Police 1 lateralX=3.0 gap=1.359 capture=False
  sample Jonrem Police 1 lateralX=-4.0 gap=1.079 capture=False
  sample Jonrem Police 1 lateralX=4.0 gap=2.359 capture=False
  sample Jonrem Police 1 lateralX=-5.0 gap=2.079 capture=False
  sample Jonrem Police 1 lateralX=5.0 gap=3.359 capture=False
  sample Jonrem Police 1 lateralX=-6.0 gap=3.079 capture=False
  sample Jonrem Police 1 lateralX=6.0 gap=4.359 capture=False
  sample Jonrem Police 2 lateralX=0.0 gap=0.000 capture=True
  sample Jonrem Police 2 lateralX=0.0 gap=0.000 capture=True
  sample Jonrem Police 2 lateralX=-1.0 gap=0.000 capture=False
  sample Jonrem Police 2 lateralX=1.0 gap=0.000 capture=False
  sample Jonrem Police 2 lateralX=-2.0 gap=0.000 capture=False
  sample Jonrem Police 2 lateralX=2.0 gap=0.360 capture=False
  sample Jonrem Police 2 lateralX=-3.0 gap=0.079 capture=False
  sample Jonrem Police 2 lateralX=3.0 gap=1.359 capture=False
  sample Jonrem Police 2 lateralX=-4.0 gap=1.079 capture=False
  sample Jonrem Police 2 lateralX=4.0 gap=2.359 capture=False
  sample Jonrem Police 2 lateralX=-5.0 gap=2.079 capture=False
  sample Jonrem Police 2 lateralX=5.0 gap=3.359 capture=False
  sample Jonrem Police 2 lateralX=-6.0 gap=3.079 capture=False
  sample Jonrem Police 2 lateralX=6.0 gap=4.359 capture=False
  sample Jonrem Police 3 lateralX=0.0 gap=0.000 capture=True
  sample Jonrem Police 3 lateralX=0.0 gap=0.000 capture=True
  sample Jonrem Police 3 lateralX=-1.0 gap=0.000 capture=False
  sample Jonrem Police 3 lateralX=1.0 gap=0.000 capture=False
  sample Jonrem Police 3 lateralX=-2.0 gap=0.000 capture=False
  sample Jonrem Police 3 lateralX=2.0 gap=0.360 capture=False
  sample Jonrem Police 3 lateralX=-3.0 gap=0.079 capture=False
  sample Jonrem Police 3 lateralX=3.0 gap=1.359 capture=False
  sample Jonrem Police 3 lateralX=-4.0 gap=1.079 capture=False
  sample Jonrem Police 3 lateralX=4.0 gap=2.359 capture=False
  sample Jonrem Police 3 lateralX=-5.0 gap=2.079 capture=False
  sample Jonrem Police 3 lateralX=5.0 gap=3.359 capture=False
  sample Jonrem Police 3 lateralX=-6.0 gap=3.079 capture=False
  sample Jonrem Police 3 lateralX=6.0 gap=4.359 capture=False
